Create develop branch from the initial master branch

use git flow (plugin) to create a develop branch

@ubuntu-qosmio:/Softlab/Githubz/geodanalytics$> git flow init -d


@ubuntu-qosmio:/Softlab/Githubz/geodanalytics$ git push --set-upstream origin develop

U for 'https://github.com': zhang01GA
P for 'https://zhang01GA@github.com': 
Total 0 (delta 0), reused 0 (delta 0)
To https://github.com/zhang01GA/geodanalytics.git
 * [new branch]      develop -> develop
Branch develop set up to track remote branch develop from origin.


mkdir docs; edit file

git add

git commit -am "..."

git push

in the github web UI,  change the default repo branch to develop
----------------------------------------------------------------

@ubuntu-qosmio:/Softlab/Githubz/geodanalytics$ git flow feature start visualize_tiffs_ipynb

Switched to a new branch 'feature/visualize_tiffs_ipynb'

Summary of actions:
- A new branch 'feature/visualize_tiffs_ipynb' was created, based on 'develop'
- You are now on branch 'feature/visualize_tiffs_ipynb'

Now, start committing on your feature. When done, use:

     git flow feature finish visualize_tiffs_ipynb

@ubuntu-qosmio:/Softlab/Githubz/geodanalytics$ git status
On branch feature/visualize_tiffs_ipynb
nothing to commit, working directory clean

